
> react-kavia@0.1.0 start
> react-scripts start

(node:567) [DEP_WEBPACK_DEV_SERVER_ON_AFTER_SETUP_MIDDLEWARE] DeprecationWarning: 'onAfterSetupMiddleware' option is deprecated. Please use the 'setupMiddlewares' option.
(Use `node --trace-deprecation ...` to show where the warning was created)
(node:567) [DEP_WEBPACK_DEV_SERVER_ON_BEFORE_SETUP_MIDDLEWARE] DeprecationWarning: 'onBeforeSetupMiddleware' option is deprecated. Please use the 'setupMiddlewares' option.
Starting the development server...

Compiled successfully!

You can now view react-kavia in the browser.

  Local:            http://localhost:3000
  On Your Network:  http://172.17.0.2:3000

Note that the development build is not optimized.
To create a production build, use npm run build.

webpack compiled successfully
Compiling...
Failed to compile.

Module not found: Error: Can't resolve 'react-router-dom' in '/home/kavia/workspace/code-generation/gamesphere-25322-c5a1bf29/games_store_frontend/src'
ERROR in ./src/App.js 7:0-87
Module not found: Error: Can't resolve 'react-router-dom' in '/home/kavia/workspace/code-generation/gamesphere-25322-c5a1bf29/games_store_frontend/src'

ERROR in ./src/components/Navbar.js 6:0-53
Module not found: Error: Can't resolve 'react-router-dom' in '/home/kavia/workspace/code-generation/gamesphere-25322-c5a1bf29/games_store_frontend/src/components'

ERROR in ./src/pages/LoginPage.js 7:0-47
Module not found: Error: Can't resolve 'react-router-dom' in '/home/kavia/workspace/code-generation/gamesphere-25322-c5a1bf29/games_store_frontend/src/pages'

webpack compiled with 3 errors
